Little Smalltalk
	Col 1 Row 2
Col 2 Row 4
Col 3 Row 1
Col 4 Row 3
Main
	

