Little Smalltalk
	correct-1
correct-2
correct-3
correct-4
correct-5
correct-6
correct-7
correct-8
Main
	

