Little Smalltalk
	test value test value 17
test value test value 12
#( test value 17 )
#( test value 12 )
Main
	

