Little Smalltalk
	niaM ssalC
[
| g f |		niam	
.'ts.elif' :nepo ; wen eliF -< f		
.'w' :rof 'oof' :nepo ; wen eliF -< g		
.]desrever x :etirw g | x:[ :od f		
.'r' :rof 'oof' :nepo ; wen eliF -< g		
.]tnirp x | x:[ :od g		
.retcarahCedom f		
.tnirp tsrif f		
.] tnirp txen f [ :taepeRsemit 01		
.tnirp )2 :ta f(		
.tnirp yeKtnerruc f		
.tnirp ezis f		
]

$C
$l
$a
$s
$s
$ 
$M
$a
$i
$n
$

$a
3
335
Main
	

