Little Smalltalk
	17
23
17
23
17
23
17
23
17
23
17
23
17
23
17
23
17
23
17
23
Main
	

