Little Smalltalk
	$a
True
False
65
A
$A
True
10
7.1
23.1406
23.1407
3.5 radians
15
10
7.1
7
True
False
True
1
7
-6
16rFE
0.2
-2
-1
1
-1
24
19.4481
0.523599 radians
2.07364
2.40824
12.6709
16rE.8A71DE
0.500001
12 @ 100
Main
	

