Little Smalltalk
	customer received at 4
customer has 3 scoops 
customer received at 5
customer has 3 scoops 
customer received at 8
customer has 3 scoops 
customer received at 10
customer has 3 scoops 
customer received at 13
customer has 3 scoops 
customer received at 14
customer has 3 scoops 
customer received at 19
customer has 3 scoops 
customer received at 23
customer has 3 scoops 
customer received at 27
customer has 3 scoops 
profits are 4.59
Main
	

