Little Smalltalk
	customer received at 4
group of 7 have 10 scoops 
customer received at 5
group of 7 have 9 scoops 
customer received at 8
group of 7 have 11 scoops 
customer received at 10
group of 7 have 7 scoops 
customer received at 13
group of 7 have 9 scoops 
customer received at 14
group of 7 have 10 scoops 
customer received at 19
group of 7 have 11 scoops 
customer received at 23
group of 7 have 8 scoops 
customer received at 27
group of 7 have 8 scoops 
profits are 14.11
Main
	

